******************************************************************************
                  TI ARM Linker PC v5.0.4                      
******************************************************************************
>> Linked Wed Apr 09 22:07:54 2025

OUTPUT FILE NAME:   <ARM_HW3.out>
ENTRY POINT SYMBOL: "_c_int00"  address: 00000835


MEMORY CONFIGURATION

         name            origin    length      used     unused   attr    fill
----------------------  --------  ---------  --------  --------  ----  --------
  FLASH                 00000000   00040000  0000098e  0003f672  R  X
  SRAM                  20000000   00008000  00000214  00007dec  RW X


SEGMENT ALLOCATION MAP

run origin  load origin   length   init length attrs members
----------  ----------- ---------- ----------- ----- -------
00000000    00000000    00000990   00000990    r-x
  00000000    00000000    0000026c   0000026c    r-- .intvecs
  0000026c    0000026c    000006fa   000006fa    r-x .text
  00000968    00000968    00000008   00000008    r-- .const
  00000970    00000970    00000020   00000020    r-- .cinit
20000000    20000000    00000200   00000000    rw-
  20000000    20000000    00000200   00000000    rw- .stack
20000200    20000200    00000014   00000014    rw-
  20000200    20000200    00000014   00000014    rw- .data


SECTION ALLOCATION MAP

 output                                  attributes/
section   page    origin      length       input sections
--------  ----  ----------  ----------   ----------------
.intvecs   0    00000000    0000026c     
                  00000000    0000026c     startup_ccs.obj (.intvecs)

.init_array 
*          0    00000000    00000000     UNINITIALIZED

.text      0    0000026c    000006fa     
                  0000026c    000003aa     switch.obj (.text)
                  00000616    0000009c     rtsv7M4_T_le_v4SPD16_eabi.lib : memcpy_t2.obj (.text)
                  000006b2    00000002     startup_ccs.obj (.text:FaultISR)
                  000006b4    00000094     rtsv7M4_T_le_v4SPD16_eabi.lib : auto_init.obj (.text)
                  00000748    0000008c     hello.obj (.text:main)
                  000007d4    0000005e     rtsv7M4_T_le_v4SPD16_eabi.lib : copy_decompress_rle.obj (.text)
                  00000832    00000002     startup_ccs.obj (.text:IntDefaultHandler)
                  00000834    00000048     rtsv7M4_T_le_v4SPD16_eabi.lib : boot.obj (.text)
                  0000087c    00000044                                   : cpy_tbl.obj (.text)
                  000008c0    00000040                                   : exit.obj (.text)
                  00000900    00000018     hello.obj (.text:Printf_string)
                  00000918    00000018     rtsv7M4_T_le_v4SPD16_eabi.lib : args_main.obj (.text)
                  00000930    00000014                                   : _lock.obj (.text)
                  00000944    0000000e                                   : copy_decompress_none.obj (.text:decompress:none)
                  00000952    00000006     startup_ccs.obj (.text:ResetISR)
                  00000958    00000006     driverlib.lib : sysctl.obj (.text:SysCtlDelay)
                  0000095e    00000006     rtsv7M4_T_le_v4SPD16_eabi.lib : copy_decompress_rle.obj (.text:decompress:rle24)
                  00000964    00000002     startup_ccs.obj (.text:NmiSR)

.const     0    00000968    00000008     
                  00000968    00000008     hello.obj (.const:.string)

.cinit     0    00000970    00000020     
                  00000970    0000000f     (.cinit..data.load) [load image, compression = rle]
                  0000097f    00000001     --HOLE-- [fill = 0]
                  00000980    00000008     (__TI_handler_table)
                  00000988    00000008     (__TI_cinit_table)

.stack     0    20000000    00000200     UNINITIALIZED
                  20000000    00000200     --HOLE--

.data      0    20000200    00000014     
                  20000200    00000008     rtsv7M4_T_le_v4SPD16_eabi.lib : _lock.obj (.data)
                  20000208    00000008                                   : exit.obj (.data)
                  20000210    00000004                                   : stkdepth_vars.obj (.data)


LINKER GENERATED COPY TABLES

__TI_cinit_table @ 00000988 records: 1, size/record: 8, table size: 8
	.data: load addr=00000970, load size=0000000f bytes, run addr=20000200, run size=00000014 bytes, compression=rle


LINKER GENERATED HANDLER TABLE

__TI_handler_table @ 00000980 records: 2, size/record: 4, table size: 8
	index: 0, handler: __TI_decompress_rle24
	index: 1, handler: __TI_decompress_none


GLOBAL SYMBOLS: SORTED ALPHABETICALLY BY Name 

address    name
--------   ----
00000599   Blink_fast
00000593   Blink_slow
000008c1   C$$EXIT
0000037d   LED_Init
00000579   LED_Off
0000055f   LED_On
000005cf   Printf
00000901   Printf_string
00000953   ResetISR
UNDEFED    SHT$$INIT_ARRAY$$Base
UNDEFED    SHT$$INIT_ARRAY$$Limit
0000026d   Switch_Init
00000511   Switch_Input
00000959   SysCtlDelay
000003fb   UART_Init
20000200   __STACK_END
00000200   __STACK_SIZE
20000200   __STACK_TOP
00000988   __TI_CINIT_Base
00000990   __TI_CINIT_Limit
00000980   __TI_Handler_Table_Base
00000988   __TI_Handler_Table_Limit
00000001   __TI_args_main
000006b5   __TI_auto_init
00000945   __TI_decompress_none
0000095f   __TI_decompress_rle24
00000000   __TI_static_base__
00000617   __aeabi_memcpy
00000617   __aeabi_memcpy4
00000617   __aeabi_memcpy8
ffffffff   __binit__
ffffffff   __c_args__
20000000   __stack
00000919   _args_main
00000835   _c_int00
20000208   _cleanup_ptr
2000020c   _dtors_ptr
20000200   _lock
0000093f   _nop
00000937   _register_lock
00000931   _register_unlock
20000204   _unlock
000008c5   abort
ffffffff   binit
0000087d   copy_in
000008cd   exit
00000000   g_pfnVectors
00000749   main
20000210   main_func_sp
00000617   memcpy
0000060d   num_1
00000611   num_3


GLOBAL SYMBOLS: SORTED BY Symbol Address 

address    name
--------   ----
00000000   __TI_static_base__
00000000   g_pfnVectors
00000001   __TI_args_main
00000200   __STACK_SIZE
0000026d   Switch_Init
0000037d   LED_Init
000003fb   UART_Init
00000511   Switch_Input
0000055f   LED_On
00000579   LED_Off
00000593   Blink_slow
00000599   Blink_fast
000005cf   Printf
0000060d   num_1
00000611   num_3
00000617   __aeabi_memcpy
00000617   __aeabi_memcpy4
00000617   __aeabi_memcpy8
00000617   memcpy
000006b5   __TI_auto_init
00000749   main
00000835   _c_int00
0000087d   copy_in
000008c1   C$$EXIT
000008c5   abort
000008cd   exit
00000901   Printf_string
00000919   _args_main
00000931   _register_unlock
00000937   _register_lock
0000093f   _nop
00000945   __TI_decompress_none
00000953   ResetISR
00000959   SysCtlDelay
0000095f   __TI_decompress_rle24
00000980   __TI_Handler_Table_Base
00000988   __TI_CINIT_Base
00000988   __TI_Handler_Table_Limit
00000990   __TI_CINIT_Limit
20000000   __stack
20000200   __STACK_END
20000200   __STACK_TOP
20000200   _lock
20000204   _unlock
20000208   _cleanup_ptr
2000020c   _dtors_ptr
20000210   main_func_sp
ffffffff   __binit__
ffffffff   __c_args__
ffffffff   binit
UNDEFED    SHT$$INIT_ARRAY$$Base
UNDEFED    SHT$$INIT_ARRAY$$Limit

[52 symbols]
