******************************************************************************
                  TI ARM Linker PC v5.0.4                      
******************************************************************************
>> Linked Mon Mar 31 12:37:44 2025

OUTPUT FILE NAME:   <ARM_HW2.out>
ENTRY POINT SYMBOL: "_c_int00"  address: 00000cb9


MEMORY CONFIGURATION

         name            origin    length      used     unused   attr    fill
----------------------  --------  ---------  --------  --------  ----  --------
  FLASH                 00000000   00040000  00000ec0  0003f140  R  X
  SRAM                  20000000   00008000  00000230  00007dd0  RW X


SEGMENT ALLOCATION MAP

run origin  load origin   length   init length attrs members
----------  ----------- ---------- ----------- ----- -------
00000000    00000000    00000ec4   00000ec4    r-x
  00000000    00000000    0000026c   0000026c    r-- .intvecs
  0000026c    0000026c    00000bf2   00000bf2    r-x .text
  00000e60    00000e60    0000002e   0000002e    r-- .const
  00000e90    00000e90    00000034   00000034    r-- .cinit
20000000    20000000    00000200   00000000    rw-
  20000000    20000000    00000200   00000000    rw- .stack
20000200    20000200    00000030   00000030    rw-
  20000200    20000200    00000030   00000030    rw- .data


SECTION ALLOCATION MAP

 output                                  attributes/
section   page    origin      length       input sections
--------  ----  ----------  ----------   ----------------
.intvecs   0    00000000    0000026c     
                  00000000    0000026c     startup_ccs.obj (.intvecs)

.init_array 
*          0    00000000    00000000     UNINITIALIZED

.text      0    0000026c    00000bf2     
                  0000026c    00000256     switch.obj (.text)
                  000004c2    00000002     startup_ccs.obj (.text:FaultISR)
                  000004c4    000001ea     uartstdio.obj (.text:UARTvprintf)
                  000006ae    00000002     startup_ccs.obj (.text:IntDefaultHandler)
                  000006b0    00000160     cfal96x64x16.obj (.text:CFAL96x64x16Init)
                  00000810    0000009c     rtsv7M4_T_le_v4SPD16_eabi.lib : memcpy_t2.obj (.text)
                  000008ac    00000098     uartstdio.obj (.text:UARTgets)
                  00000944    00000094     rtsv7M4_T_le_v4SPD16_eabi.lib : auto_init.obj (.text)
                  000009d8    00000080     hello.obj (.text:main)
                  00000a58    0000006c     cfal96x64x16.obj (.text:CFAL96x64x16LineDrawH)
                  00000ac4    0000005e     rtsv7M4_T_le_v4SPD16_eabi.lib : copy_decompress_rle.obj (.text)
                  00000b22    00000002     startup_ccs.obj (.text:NmiSR)
                  00000b24    0000005c     hello.obj (.text:ConfigureUART)
                  00000b80    00000058     uartstdio.obj (.text:UARTStdioConfig)
                  00000bd8    0000004c     cfal96x64x16.obj (.text:CFAL96x64x16WriteCommand)
                  00000c24    0000004c     cfal96x64x16.obj (.text:CFAL96x64x16WriteData)
                  00000c70    00000048     uartstdio.obj (.text:UARTwrite)
                  00000cb8    00000048     rtsv7M4_T_le_v4SPD16_eabi.lib : boot.obj (.text)
                  00000d00    00000044                                   : cpy_tbl.obj (.text)
                  00000d44    00000042                                   : u_divt2.obj (.text)
                  00000d86    00000002     --HOLE-- [fill = 0]
                  00000d88    00000040                                   : exit.obj (.text)
                  00000dc8    0000002a     cfal96x64x16.obj (.text:CFAL96x64x16RectFill)
                  00000df2    0000001a     uartstdio.obj (.text:UARTprintf)
                  00000e0c    00000018     rtsv7M4_T_le_v4SPD16_eabi.lib : args_main.obj (.text)
                  00000e24    00000014                                   : _lock.obj (.text)
                  00000e38    0000000e                                   : copy_decompress_none.obj (.text:decompress:none)
                  00000e46    00000006     startup_ccs.obj (.text:ResetISR)
                  00000e4c    00000006     driverlib.lib : sysctl.obj (.text:SysCtlDelay)
                  00000e52    00000006                   : uart.obj (.text:UARTClockSourceSet)
                  00000e58    00000006     rtsv7M4_T_le_v4SPD16_eabi.lib : copy_decompress_rle.obj (.text:decompress:rle24)

.const     0    00000e60    0000002e     
                  00000e60    0000001c     uartstdio.obj (.const)
                  00000e7c    00000012     uartstdio.obj (.const:.string)

.cinit     0    00000e90    00000034     
                  00000e90    00000023     (.cinit..data.load) [load image, compression = rle]
                  00000eb3    00000001     --HOLE-- [fill = 0]
                  00000eb4    00000008     (__TI_handler_table)
                  00000ebc    00000008     (__TI_cinit_table)

.stack     0    20000000    00000200     UNINITIALIZED
                  20000000    00000200     --HOLE--

.data      0    20000200    00000030     
                  20000200    00000013     cfal96x64x16.obj (.data)
                  20000213    00000001     --HOLE--
                  20000214    00000008     rtsv7M4_T_le_v4SPD16_eabi.lib : _lock.obj (.data)
                  2000021c    00000008                                   : exit.obj (.data)
                  20000224    00000005     uartstdio.obj (.data)
                  20000229    00000003     --HOLE--
                  2000022c    00000004     rtsv7M4_T_le_v4SPD16_eabi.lib : stkdepth_vars.obj (.data)


LINKER GENERATED COPY TABLES

__TI_cinit_table @ 00000ebc records: 1, size/record: 8, table size: 8
	.data: load addr=00000e90, load size=00000023 bytes, run addr=20000200, run size=00000030 bytes, compression=rle


LINKER GENERATED HANDLER TABLE

__TI_handler_table @ 00000eb4 records: 2, size/record: 4, table size: 8
	index: 0, handler: __TI_decompress_rle24
	index: 1, handler: __TI_decompress_none


GLOBAL SYMBOLS: SORTED ALPHABETICALLY BY Name 

address    name
--------   ----
00000483   Blink_fast
0000047d   Blink_slow
00000d89   C$$EXIT
000006b1   CFAL96x64x16Init
00000b25   ConfigureUART
0000037d   LED_Init
00000463   LED_Off
00000449   LED_On
00000e47   ResetISR
UNDEFED    SHT$$INIT_ARRAY$$Base
UNDEFED    SHT$$INIT_ARRAY$$Limit
0000026d   Switch_Init
000003fb   Switch_Input
00000e4d   SysCtlDelay
00000e53   UARTClockSourceSet
00000b81   UARTStdioConfig
000008ad   UARTgets
00000df3   UARTprintf
000004c5   UARTvprintf
00000c71   UARTwrite
20000200   __STACK_END
00000200   __STACK_SIZE
20000200   __STACK_TOP
00000ebc   __TI_CINIT_Base
00000ec4   __TI_CINIT_Limit
00000eb4   __TI_Handler_Table_Base
00000ebc   __TI_Handler_Table_Limit
00000001   __TI_args_main
00000945   __TI_auto_init
00000e39   __TI_decompress_none
00000e59   __TI_decompress_rle24
00000000   __TI_static_base__
00000811   __aeabi_memcpy
00000811   __aeabi_memcpy4
00000811   __aeabi_memcpy8
00000d45   __aeabi_uidivmod
ffffffff   __binit__
ffffffff   __c_args__
20000000   __stack
00000e0d   _args_main
00000cb9   _c_int00
2000021c   _cleanup_ptr
20000220   _dtors_ptr
20000214   _lock
00000e33   _nop
00000e2b   _register_lock
00000e25   _register_unlock
20000218   _unlock
00000d8d   abort
ffffffff   binit
00000d01   copy_in
00000d95   exit
00000000   g_pfnVectors
000009d9   main
2000022c   main_func_sp
00000811   memcpy
000004b9   num_1
000004bd   num_3


GLOBAL SYMBOLS: SORTED BY Symbol Address 

address    name
--------   ----
00000000   __TI_static_base__
00000000   g_pfnVectors
00000001   __TI_args_main
00000200   __STACK_SIZE
0000026d   Switch_Init
0000037d   LED_Init
000003fb   Switch_Input
00000449   LED_On
00000463   LED_Off
0000047d   Blink_slow
00000483   Blink_fast
000004b9   num_1
000004bd   num_3
000004c5   UARTvprintf
000006b1   CFAL96x64x16Init
00000811   __aeabi_memcpy
00000811   __aeabi_memcpy4
00000811   __aeabi_memcpy8
00000811   memcpy
000008ad   UARTgets
00000945   __TI_auto_init
000009d9   main
00000b25   ConfigureUART
00000b81   UARTStdioConfig
00000c71   UARTwrite
00000cb9   _c_int00
00000d01   copy_in
00000d45   __aeabi_uidivmod
00000d89   C$$EXIT
00000d8d   abort
00000d95   exit
00000df3   UARTprintf
00000e0d   _args_main
00000e25   _register_unlock
00000e2b   _register_lock
00000e33   _nop
00000e39   __TI_decompress_none
00000e47   ResetISR
00000e4d   SysCtlDelay
00000e53   UARTClockSourceSet
00000e59   __TI_decompress_rle24
00000eb4   __TI_Handler_Table_Base
00000ebc   __TI_CINIT_Base
00000ebc   __TI_Handler_Table_Limit
00000ec4   __TI_CINIT_Limit
20000000   __stack
20000200   __STACK_END
20000200   __STACK_TOP
20000214   _lock
20000218   _unlock
2000021c   _cleanup_ptr
20000220   _dtors_ptr
2000022c   main_func_sp
ffffffff   __binit__
ffffffff   __c_args__
ffffffff   binit
UNDEFED    SHT$$INIT_ARRAY$$Base
UNDEFED    SHT$$INIT_ARRAY$$Limit

[58 symbols]
