******************************************************************************
                  TI ARM Linker PC v5.0.4                      
******************************************************************************
>> Linked Mon Mar 31 02:16:47 2025

OUTPUT FILE NAME:   <ARM_HW2.out>
ENTRY POINT SYMBOL: "_c_int00"  address: 00000c69


MEMORY CONFIGURATION

         name            origin    length      used     unused   attr    fill
----------------------  --------  ---------  --------  --------  ----  --------
  FLASH                 00000000   00040000  00000e70  0003f190  R  X
  SRAM                  20000000   00008000  00000230  00007dd0  RW X


SEGMENT ALLOCATION MAP

run origin  load origin   length   init length attrs members
----------  ----------- ---------- ----------- ----- -------
00000000    00000000    00000e74   00000e74    r-x
  00000000    00000000    0000026c   0000026c    r-- .intvecs
  0000026c    0000026c    00000ba2   00000ba2    r-x .text
  00000e10    00000e10    0000002e   0000002e    r-- .const
  00000e40    00000e40    00000034   00000034    r-- .cinit
20000000    20000000    00000200   00000000    rw-
  20000000    20000000    00000200   00000000    rw- .stack
20000200    20000200    00000030   00000030    rw-
  20000200    20000200    00000030   00000030    rw- .data


SECTION ALLOCATION MAP

 output                                  attributes/
section   page    origin      length       input sections
--------  ----  ----------  ----------   ----------------
.intvecs   0    00000000    0000026c     
                  00000000    0000026c     startup_ccs.obj (.intvecs)

.init_array 
*          0    00000000    00000000     UNINITIALIZED

.text      0    0000026c    00000ba2     
                  0000026c    0000021a     switch.obj (.text)
                  00000486    00000002     startup_ccs.obj (.text:FaultISR)
                  00000488    000001ea     uartstdio.obj (.text:UARTvprintf)
                  00000672    00000002     startup_ccs.obj (.text:IntDefaultHandler)
                  00000674    00000160     cfal96x64x16.obj (.text:CFAL96x64x16Init)
                  000007d4    0000009c     rtsv7M4_T_le_v4SPD16_eabi.lib : memcpy_t2.obj (.text)
                  00000870    00000098     uartstdio.obj (.text:UARTgets)
                  00000908    00000094     rtsv7M4_T_le_v4SPD16_eabi.lib : auto_init.obj (.text)
                  0000099c    0000006c     cfal96x64x16.obj (.text:CFAL96x64x16LineDrawH)
                  00000a08    0000006c     hello.obj (.text:main)
                  00000a74    0000005e     rtsv7M4_T_le_v4SPD16_eabi.lib : copy_decompress_rle.obj (.text)
                  00000ad2    00000002     startup_ccs.obj (.text:NmiSR)
                  00000ad4    0000005c     hello.obj (.text:ConfigureUART)
                  00000b30    00000058     uartstdio.obj (.text:UARTStdioConfig)
                  00000b88    0000004c     cfal96x64x16.obj (.text:CFAL96x64x16WriteCommand)
                  00000bd4    0000004c     cfal96x64x16.obj (.text:CFAL96x64x16WriteData)
                  00000c20    00000048     uartstdio.obj (.text:UARTwrite)
                  00000c68    00000048     rtsv7M4_T_le_v4SPD16_eabi.lib : boot.obj (.text)
                  00000cb0    00000044                                   : cpy_tbl.obj (.text)
                  00000cf4    00000042                                   : u_divt2.obj (.text)
                  00000d36    00000002     --HOLE-- [fill = 0]
                  00000d38    00000040                                   : exit.obj (.text)
                  00000d78    0000002a     cfal96x64x16.obj (.text:CFAL96x64x16RectFill)
                  00000da2    0000001a     uartstdio.obj (.text:UARTprintf)
                  00000dbc    00000018     rtsv7M4_T_le_v4SPD16_eabi.lib : args_main.obj (.text)
                  00000dd4    00000014                                   : _lock.obj (.text)
                  00000de8    0000000e                                   : copy_decompress_none.obj (.text:decompress:none)
                  00000df6    00000006     startup_ccs.obj (.text:ResetISR)
                  00000dfc    00000006     driverlib.lib : sysctl.obj (.text:SysCtlDelay)
                  00000e02    00000006                   : uart.obj (.text:UARTClockSourceSet)
                  00000e08    00000006     rtsv7M4_T_le_v4SPD16_eabi.lib : copy_decompress_rle.obj (.text:decompress:rle24)

.const     0    00000e10    0000002e     
                  00000e10    0000001c     uartstdio.obj (.const)
                  00000e2c    00000012     uartstdio.obj (.const:.string)

.cinit     0    00000e40    00000034     
                  00000e40    00000023     (.cinit..data.load) [load image, compression = rle]
                  00000e63    00000001     --HOLE-- [fill = 0]
                  00000e64    00000008     (__TI_handler_table)
                  00000e6c    00000008     (__TI_cinit_table)

.stack     0    20000000    00000200     UNINITIALIZED
                  20000000    00000200     --HOLE--

.data      0    20000200    00000030     
                  20000200    00000013     cfal96x64x16.obj (.data)
                  20000213    00000001     --HOLE--
                  20000214    00000008     rtsv7M4_T_le_v4SPD16_eabi.lib : _lock.obj (.data)
                  2000021c    00000008                                   : exit.obj (.data)
                  20000224    00000005     uartstdio.obj (.data)
                  20000229    00000003     --HOLE--
                  2000022c    00000004     rtsv7M4_T_le_v4SPD16_eabi.lib : stkdepth_vars.obj (.data)


LINKER GENERATED COPY TABLES

__TI_cinit_table @ 00000e6c records: 1, size/record: 8, table size: 8
	.data: load addr=00000e40, load size=00000023 bytes, run addr=20000200, run size=00000030 bytes, compression=rle


LINKER GENERATED HANDLER TABLE

__TI_handler_table @ 00000e64 records: 2, size/record: 4, table size: 8
	index: 0, handler: __TI_decompress_rle24
	index: 1, handler: __TI_decompress_none


GLOBAL SYMBOLS: SORTED ALPHABETICALLY BY Name 

address    name
--------   ----
00000d39   C$$EXIT
00000675   CFAL96x64x16Init
00000ad5   ConfigureUART
0000037b   LED_Init
00000427   LED_Off
0000040d   LED_On
00000df7   ResetISR
UNDEFED    SHT$$INIT_ARRAY$$Base
UNDEFED    SHT$$INIT_ARRAY$$Limit
0000026d   Switch_Init
000003f9   Switch_Input
00000dfd   SysCtlDelay
00000e03   UARTClockSourceSet
00000b31   UARTStdioConfig
00000871   UARTgets
00000da3   UARTprintf
00000489   UARTvprintf
00000c21   UARTwrite
20000200   __STACK_END
00000200   __STACK_SIZE
20000200   __STACK_TOP
00000e6c   __TI_CINIT_Base
00000e74   __TI_CINIT_Limit
00000e64   __TI_Handler_Table_Base
00000e6c   __TI_Handler_Table_Limit
00000001   __TI_args_main
00000909   __TI_auto_init
00000de9   __TI_decompress_none
00000e09   __TI_decompress_rle24
00000000   __TI_static_base__
000007d5   __aeabi_memcpy
000007d5   __aeabi_memcpy4
000007d5   __aeabi_memcpy8
00000cf5   __aeabi_uidivmod
ffffffff   __binit__
ffffffff   __c_args__
20000000   __stack
00000dbd   _args_main
00000c69   _c_int00
2000021c   _cleanup_ptr
20000220   _dtors_ptr
20000214   _lock
00000de3   _nop
00000ddb   _register_lock
00000dd5   _register_unlock
20000218   _unlock
00000d3d   abort
ffffffff   binit
00000cb1   copy_in
00000d45   exit
00000000   g_pfnVectors
00000a09   main
2000022c   main_func_sp
000007d5   memcpy
0000047d   num_1
00000481   num_3


GLOBAL SYMBOLS: SORTED BY Symbol Address 

address    name
--------   ----
00000000   __TI_static_base__
00000000   g_pfnVectors
00000001   __TI_args_main
00000200   __STACK_SIZE
0000026d   Switch_Init
0000037b   LED_Init
000003f9   Switch_Input
0000040d   LED_On
00000427   LED_Off
0000047d   num_1
00000481   num_3
00000489   UARTvprintf
00000675   CFAL96x64x16Init
000007d5   __aeabi_memcpy
000007d5   __aeabi_memcpy4
000007d5   __aeabi_memcpy8
000007d5   memcpy
00000871   UARTgets
00000909   __TI_auto_init
00000a09   main
00000ad5   ConfigureUART
00000b31   UARTStdioConfig
00000c21   UARTwrite
00000c69   _c_int00
00000cb1   copy_in
00000cf5   __aeabi_uidivmod
00000d39   C$$EXIT
00000d3d   abort
00000d45   exit
00000da3   UARTprintf
00000dbd   _args_main
00000dd5   _register_unlock
00000ddb   _register_lock
00000de3   _nop
00000de9   __TI_decompress_none
00000df7   ResetISR
00000dfd   SysCtlDelay
00000e03   UARTClockSourceSet
00000e09   __TI_decompress_rle24
00000e64   __TI_Handler_Table_Base
00000e6c   __TI_CINIT_Base
00000e6c   __TI_Handler_Table_Limit
00000e74   __TI_CINIT_Limit
20000000   __stack
20000200   __STACK_END
20000200   __STACK_TOP
20000214   _lock
20000218   _unlock
2000021c   _cleanup_ptr
20000220   _dtors_ptr
2000022c   main_func_sp
ffffffff   __binit__
ffffffff   __c_args__
ffffffff   binit
UNDEFED    SHT$$INIT_ARRAY$$Base
UNDEFED    SHT$$INIT_ARRAY$$Limit

[56 symbols]
