******************************************************************************
                  TI ARM Linker PC v5.0.4                      
******************************************************************************
>> Linked Wed Mar 19 21:29:22 2025

OUTPUT FILE NAME:   <ARM_HW1.out>
ENTRY POINT SYMBOL: "_c_int00"  address: 000014d1


MEMORY CONFIGURATION

         name            origin    length      used     unused   attr    fill
----------------------  --------  ---------  --------  --------  ----  --------
  FLASH                 00000000   00040000  00001f28  0003e0d8  R  X
  SRAM                  20000000   00008000  00000234  00007dcc  RW X


SEGMENT ALLOCATION MAP

run origin  load origin   length   init length attrs members
----------  ----------- ---------- ----------- ----- -------
00000000    00000000    00001f28   00001f28    r-x
  00000000    00000000    0000026c   0000026c    r-- .intvecs
  0000026c    0000026c    000015e0   000015e0    r-x .text
  0000184c    0000184c    00000694   00000694    r-- .const
  00001ee0    00001ee0    00000048   00000048    r-- .cinit
20000000    20000000    00000200   00000000    rw-
  20000000    20000000    00000200   00000000    rw- .stack
20000200    20000200    00000034   00000030    rw-
  20000200    20000200    00000030   00000030    rw- .data
  20000230    20000230    00000004   00000000    rw- .bss


SECTION ALLOCATION MAP

 output                                  attributes/
section   page    origin      length       input sections
--------  ----  ----------  ----------   ----------------
.intvecs   0    00000000    0000026c     
                  00000000    0000026c     startup_ccs.obj (.intvecs)

.init_array 
*          0    00000000    00000000     UNINITIALIZED

.text      0    0000026c    000015e0     
                  0000026c    00000266     grlib.lib : string.obj (.text:GrFontGlyphRender)
                  000004d2    00000002     cfal96x64x16.obj (.text:CFAL96x64x16Flush)
                  000004d4    0000021c     hello.obj (.text:main)
                  000006f0    000001ea     uartstdio.obj (.text:UARTvprintf)
                  000008da    00000002     startup_ccs.obj (.text:FaultISR)
                  000008dc    00000170     switch.obj (.text)
                  00000a4c    00000160     cfal96x64x16.obj (.text:CFAL96x64x16Init)
                  00000bac    0000013c     cfal96x64x16.obj (.text:CFAL96x64x16PixelDrawMultiple)
                  00000ce8    000000ca     grlib.lib : string.obj (.text:GrDefaultStringRenderer)
                  00000db2    0000009c     rtsv7M4_T_le_v4SPD16_eabi.lib : memcpy_t2.obj (.text)
                  00000e4e    00000002     startup_ccs.obj (.text:IntDefaultHandler)
                  00000e50    00000098     uartstdio.obj (.text:UARTgets)
                  00000ee8    00000094     rtsv7M4_T_le_v4SPD16_eabi.lib : auto_init.obj (.text)
                  00000f7c    00000092     cfal96x64x16.obj (.text:CFAL96x64x16LineDrawV)
                  0000100e    00000086     grlib.lib : rectangle.obj (.text:GrRectFill)
                  00001094    0000006c     cfal96x64x16.obj (.text:CFAL96x64x16LineDrawH)
                  00001100    0000006a     hello.obj (.text:stringDraw)
                  0000116a    00000066     grlib.lib : rectangle.obj (.text:GrRectDraw)
                  000011d0    00000064               : context.obj (.text:GrContextInit)
                  00001234    0000005e     rtsv7M4_T_le_v4SPD16_eabi.lib : copy_decompress_rle.obj (.text)
                  00001292    00000002     startup_ccs.obj (.text:NmiSR)
                  00001294    0000005c     hello.obj (.text:ConfigureUART)
                  000012f0    0000005c     grlib.lib : string.obj (.text:FontWideGlyphDataGet)
                  0000134c    00000058     uartstdio.obj (.text:UARTStdioConfig)
                  000013a4    0000004c     cfal96x64x16.obj (.text:CFAL96x64x16WriteCommand)
                  000013f0    0000004c     cfal96x64x16.obj (.text:CFAL96x64x16WriteData)
                  0000143c    0000004a     grlib.lib : string.obj (.text:UpdateContextCharMapping)
                  00001486    00000002     --HOLE-- [fill = 0]
                  00001488    00000048     uartstdio.obj (.text:UARTwrite)
                  000014d0    00000048     rtsv7M4_T_le_v4SPD16_eabi.lib : boot.obj (.text)
                  00001518    00000046     grlib.lib : line.obj (.text:GrLineDrawH)
                  0000155e    00000046               : line.obj (.text:GrLineDrawV)
                  000015a4    00000044     rtsv7M4_T_le_v4SPD16_eabi.lib : cpy_tbl.obj (.text)
                  000015e8    00000042                                   : u_divt2.obj (.text)
                  0000162a    00000002     --HOLE-- [fill = 0]
                  0000162c    00000040                                   : exit.obj (.text)
                  0000166c    0000003a     grlib.lib : string.obj (.text:FontGlyphDataGet)
                  000016a6    00000032     cfal96x64x16.obj (.text:CFAL96x64x16PixelDraw)
                  000016d8    0000002a     cfal96x64x16.obj (.text:CFAL96x64x16RectFill)
                  00001702    0000002a     grlib.lib : string.obj (.text:GrStringNextCharGet)
                  0000172c    00000026               : string.obj (.text:GrFontInfoGet)
                  00001752    00000022               : string.obj (.text:GrFontGlyphDataGet)
                  00001774    0000001e               : string.obj (.text:GrFontCodepageGet)
                  00001792    0000001a     uartstdio.obj (.text:UARTprintf)
                  000017ac    00000018     rtsv7M4_T_le_v4SPD16_eabi.lib : args_main.obj (.text)
                  000017c4    00000016     cfal96x64x16.obj (.text:CFAL96x64x16ColorTranslate)
                  000017da    00000002     --HOLE-- [fill = 0]
                  000017dc    00000014     rtsv7M4_T_le_v4SPD16_eabi.lib : _lock.obj (.text)
                  000017f0    00000012     grlib.lib : string.obj (.text:GrStringDraw)
                  00001802    00000012     rtsv7M4_T_le_v4SPD16_eabi.lib : copy_zero_init.obj (.text:decompress:ZI)
                  00001814    0000000e                                   : copy_decompress_none.obj (.text:decompress:none)
                  00001822    00000008     grlib.lib : charmap.obj (.text:GrMapISO8859_1_Unicode)
                  0000182a    00000006               : string.obj (.text:GrContextFontSet)
                  00001830    00000006     startup_ccs.obj (.text:ResetISR)
                  00001836    00000006     driverlib.lib : sysctl.obj (.text:SysCtlDelay)
                  0000183c    00000006                   : uart.obj (.text:UARTClockSourceSet)
                  00001842    00000006     rtsv7M4_T_le_v4SPD16_eabi.lib : copy_decompress_rle.obj (.text:decompress:rle24)
                  00001848    00000004     hello.obj (.text:intTochar)

.const     0    0000184c    00000694     
                  0000184c    0000055f     grlib.lib : fontcm12.obj (.const:.string:g_pui8Cm12Data)
                  00001dab    00000001     --HOLE-- [fill = 0]
                  00001dac    000000c8               : fontcm12.obj (.const:g_sFontCm12)
                  00001e74    00000028     cfal96x64x16.obj (.const:g_sCFAL96x64x16)
                  00001e9c    0000001c     uartstdio.obj (.const)
                  00001eb8    00000012     uartstdio.obj (.const:.string)
                  00001eca    00000002     --HOLE-- [fill = 0]
                  00001ecc    00000010     grlib.lib : context.obj (.const)
                  00001edc    00000004     hello.obj (.const:.string)

.cinit     0    00001ee0    00000048     
                  00001ee0    00000023     (.cinit..data.load) [load image, compression = rle]
                  00001f03    00000001     --HOLE-- [fill = 0]
                  00001f04    0000000c     (__TI_handler_table)
                  00001f10    00000008     (.cinit..bss.load) [load image, compression = zero_init]
                  00001f18    00000010     (__TI_cinit_table)

.stack     0    20000000    00000200     UNINITIALIZED
                  20000000    00000200     --HOLE--

.data      0    20000200    00000030     
                  20000200    00000013     cfal96x64x16.obj (.data)
                  20000213    00000001     --HOLE--
                  20000214    00000008     rtsv7M4_T_le_v4SPD16_eabi.lib : _lock.obj (.data)
                  2000021c    00000008                                   : exit.obj (.data)
                  20000224    00000005     uartstdio.obj (.data)
                  20000229    00000003     --HOLE--
                  2000022c    00000004     rtsv7M4_T_le_v4SPD16_eabi.lib : stkdepth_vars.obj (.data)

.bss       0    20000230    00000004     UNINITIALIZED
                  20000230    00000004     grlib.lib : context.obj (.bss)


LINKER GENERATED COPY TABLES

__TI_cinit_table @ 00001f18 records: 2, size/record: 8, table size: 16
	.data: load addr=00001ee0, load size=00000023 bytes, run addr=20000200, run size=00000030 bytes, compression=rle
	.bss: load addr=00001f10, load size=00000008 bytes, run addr=20000230, run size=00000004 bytes, compression=zero_init


LINKER GENERATED HANDLER TABLE

__TI_handler_table @ 00001f04 records: 3, size/record: 4, table size: 12
	index: 0, handler: __TI_decompress_rle24
	index: 1, handler: __TI_decompress_none
	index: 2, handler: __TI_zero_init


GLOBAL SYMBOLS: SORTED ALPHABETICALLY BY Name 

address    name
--------   ----
0000162d   C$$EXIT
00000a4d   CFAL96x64x16Init
00001295   ConfigureUART
0000182b   GrContextFontSet
000011d1   GrContextInit
00000ce9   GrDefaultStringRenderer
00001775   GrFontCodepageGet
00001753   GrFontGlyphDataGet
0000026d   GrFontGlyphRender
0000172d   GrFontInfoGet
00001519   GrLineDrawH
0000155f   GrLineDrawV
00001823   GrMapISO8859_1_Unicode
0000116b   GrRectDraw
0000100f   GrRectFill
000017f1   GrStringDraw
00001703   GrStringNextCharGet
00001831   ResetISR
UNDEFED    SHT$$INIT_ARRAY$$Base
UNDEFED    SHT$$INIT_ARRAY$$Limit
000008dd   Switch_Init
000009eb   Switch_Input
00001837   SysCtlDelay
0000183d   UARTClockSourceSet
0000134d   UARTStdioConfig
00000e51   UARTgets
00001793   UARTprintf
000006f1   UARTvprintf
00001489   UARTwrite
20000200   __STACK_END
00000200   __STACK_SIZE
20000200   __STACK_TOP
00001f18   __TI_CINIT_Base
00001f28   __TI_CINIT_Limit
00001f04   __TI_Handler_Table_Base
00001f10   __TI_Handler_Table_Limit
00000001   __TI_args_main
00000ee9   __TI_auto_init
00001815   __TI_decompress_none
00001843   __TI_decompress_rle24
00000000   __TI_static_base__
00001803   __TI_zero_init
00000db3   __aeabi_memcpy
00000db3   __aeabi_memcpy4
00000db3   __aeabi_memcpy8
000015e9   __aeabi_uidivmod
ffffffff   __binit__
ffffffff   __c_args__
20000000   __stack
000017ad   _args_main
000014d1   _c_int00
2000021c   _cleanup_ptr
20000220   _dtors_ptr
20000214   _lock
000017eb   _nop
000017e3   _register_lock
000017dd   _register_unlock
20000218   _unlock
00001631   abort
ffffffff   binit
000015a5   copy_in
00001639   exit
00000000   g_pfnVectors
00001ecc   g_psDefaultCodePointMapTable
00001e74   g_sCFAL96x64x16
00001dac   g_sFontCm12
00001849   intTochar
000004d5   main
2000022c   main_func_sp
00000db3   memcpy
00000a43   num_1
00000a47   num_3
00001101   stringDraw


GLOBAL SYMBOLS: SORTED BY Symbol Address 

address    name
--------   ----
00000000   __TI_static_base__
00000000   g_pfnVectors
00000001   __TI_args_main
00000200   __STACK_SIZE
0000026d   GrFontGlyphRender
000004d5   main
000006f1   UARTvprintf
000008dd   Switch_Init
000009eb   Switch_Input
00000a43   num_1
00000a47   num_3
00000a4d   CFAL96x64x16Init
00000ce9   GrDefaultStringRenderer
00000db3   __aeabi_memcpy
00000db3   __aeabi_memcpy4
00000db3   __aeabi_memcpy8
00000db3   memcpy
00000e51   UARTgets
00000ee9   __TI_auto_init
0000100f   GrRectFill
00001101   stringDraw
0000116b   GrRectDraw
000011d1   GrContextInit
00001295   ConfigureUART
0000134d   UARTStdioConfig
00001489   UARTwrite
000014d1   _c_int00
00001519   GrLineDrawH
0000155f   GrLineDrawV
000015a5   copy_in
000015e9   __aeabi_uidivmod
0000162d   C$$EXIT
00001631   abort
00001639   exit
00001703   GrStringNextCharGet
0000172d   GrFontInfoGet
00001753   GrFontGlyphDataGet
00001775   GrFontCodepageGet
00001793   UARTprintf
000017ad   _args_main
000017dd   _register_unlock
000017e3   _register_lock
000017eb   _nop
000017f1   GrStringDraw
00001803   __TI_zero_init
00001815   __TI_decompress_none
00001823   GrMapISO8859_1_Unicode
0000182b   GrContextFontSet
00001831   ResetISR
00001837   SysCtlDelay
0000183d   UARTClockSourceSet
00001843   __TI_decompress_rle24
00001849   intTochar
00001dac   g_sFontCm12
00001e74   g_sCFAL96x64x16
00001ecc   g_psDefaultCodePointMapTable
00001f04   __TI_Handler_Table_Base
00001f10   __TI_Handler_Table_Limit
00001f18   __TI_CINIT_Base
00001f28   __TI_CINIT_Limit
20000000   __stack
20000200   __STACK_END
20000200   __STACK_TOP
20000214   _lock
20000218   _unlock
2000021c   _cleanup_ptr
20000220   _dtors_ptr
2000022c   main_func_sp
ffffffff   __binit__
ffffffff   __c_args__
ffffffff   binit
UNDEFED    SHT$$INIT_ARRAY$$Base
UNDEFED    SHT$$INIT_ARRAY$$Limit

[73 symbols]
