******************************************************************************
                  TI ARM Linker PC v5.0.4                      
******************************************************************************
>> Linked Wed Mar 12 20:28:17 2025

OUTPUT FILE NAME:   <hello.out>
ENTRY POINT SYMBOL: "_c_int00"  address: 00001285


MEMORY CONFIGURATION

         name            origin    length      used     unused   attr    fill
----------------------  --------  ---------  --------  --------  ----  --------
  FLASH                 00000000   00040000  00001cfa  0003e306  R  X
  SRAM                  20000000   00008000  00000234  00007dcc  RW X


SEGMENT ALLOCATION MAP

run origin  load origin   length   init length attrs members
----------  ----------- ---------- ----------- ----- -------
00000000    00000000    00001d00   00001d00    r-x
  00000000    00000000    0000026c   0000026c    r-- .intvecs
  0000026c    0000026c    000013b6   000013b6    r-x .text
  00001624    00001624    00000690   00000690    r-- .const
  00001cb8    00001cb8    00000048   00000048    r-- .cinit
20000000    20000000    00000200   00000000    rw-
  20000000    20000000    00000200   00000000    rw- .stack
20000200    20000200    00000034   00000030    rw-
  20000200    20000200    00000030   00000030    rw- .data
  20000230    20000230    00000004   00000000    rw- .bss


SECTION ALLOCATION MAP

 output                                  attributes/
section   page    origin      length       input sections
--------  ----  ----------  ----------   ----------------
.intvecs   0    00000000    0000026c     
                  00000000    0000026c     startup_ccs.obj (.intvecs)

.init_array 
*          0    00000000    00000000     UNINITIALIZED

.text      0    0000026c    000013b6     
                  0000026c    00000266     grlib.lib : string.obj (.text:GrFontGlyphRender)
                  000004d2    00000002     cfal96x64x16.obj (.text:CFAL96x64x16Flush)
                  000004d4    000001ea     uartstdio.obj (.text:UARTvprintf)
                  000006be    00000002     startup_ccs.obj (.text:FaultISR)
                  000006c0    00000160     cfal96x64x16.obj (.text:CFAL96x64x16Init)
                  00000820    00000140     hello.obj (.text:main)
                  00000960    0000013c     cfal96x64x16.obj (.text:CFAL96x64x16PixelDrawMultiple)
                  00000a9c    000000ca     grlib.lib : string.obj (.text:GrDefaultStringRenderer)
                  00000b66    0000009c     rtsv7M4_T_le_v4SPD16_eabi.lib : memcpy_t2.obj (.text)
                  00000c02    00000002     startup_ccs.obj (.text:IntDefaultHandler)
                  00000c04    00000098     uartstdio.obj (.text:UARTgets)
                  00000c9c    00000094     rtsv7M4_T_le_v4SPD16_eabi.lib : auto_init.obj (.text)
                  00000d30    00000092     cfal96x64x16.obj (.text:CFAL96x64x16LineDrawV)
                  00000dc2    00000086     grlib.lib : rectangle.obj (.text:GrRectFill)
                  00000e48    0000006c     cfal96x64x16.obj (.text:CFAL96x64x16LineDrawH)
                  00000eb4    0000006a     grlib.lib : string.obj (.text:GrStringWidthGet)
                  00000f1e    00000066               : rectangle.obj (.text:GrRectDraw)
                  00000f84    00000064               : context.obj (.text:GrContextInit)
                  00000fe8    0000005e     rtsv7M4_T_le_v4SPD16_eabi.lib : copy_decompress_rle.obj (.text)
                  00001046    00000002     startup_ccs.obj (.text:NmiSR)
                  00001048    0000005c     hello.obj (.text:ConfigureUART)
                  000010a4    0000005c     grlib.lib : string.obj (.text:FontWideGlyphDataGet)
                  00001100    00000058     uartstdio.obj (.text:UARTStdioConfig)
                  00001158    0000004c     cfal96x64x16.obj (.text:CFAL96x64x16WriteCommand)
                  000011a4    0000004c     cfal96x64x16.obj (.text:CFAL96x64x16WriteData)
                  000011f0    0000004a     grlib.lib : string.obj (.text:UpdateContextCharMapping)
                  0000123a    00000002     --HOLE-- [fill = 0]
                  0000123c    00000048     uartstdio.obj (.text:UARTwrite)
                  00001284    00000048     rtsv7M4_T_le_v4SPD16_eabi.lib : boot.obj (.text)
                  000012cc    00000046     grlib.lib : line.obj (.text:GrLineDrawH)
                  00001312    00000046               : line.obj (.text:GrLineDrawV)
                  00001358    00000044     rtsv7M4_T_le_v4SPD16_eabi.lib : cpy_tbl.obj (.text)
                  0000139c    00000042                                   : u_divt2.obj (.text)
                  000013de    00000002     --HOLE-- [fill = 0]
                  000013e0    00000040                                   : exit.obj (.text)
                  00001420    0000003a     grlib.lib : string.obj (.text:FontGlyphDataGet)
                  0000145a    00000032     cfal96x64x16.obj (.text:CFAL96x64x16PixelDraw)
                  0000148c    0000002a     cfal96x64x16.obj (.text:CFAL96x64x16RectFill)
                  000014b6    0000002a     grlib.lib : string.obj (.text:GrFontBaselineGet)
                  000014e0    0000002a               : string.obj (.text:GrStringNextCharGet)
                  0000150a    00000026               : string.obj (.text:GrFontInfoGet)
                  00001530    00000022               : string.obj (.text:GrFontGlyphDataGet)
                  00001552    0000001e               : string.obj (.text:GrFontCodepageGet)
                  00001570    0000001a     uartstdio.obj (.text:UARTprintf)
                  0000158a    00000002     --HOLE-- [fill = 0]
                  0000158c    00000018     rtsv7M4_T_le_v4SPD16_eabi.lib : args_main.obj (.text)
                  000015a4    00000016     cfal96x64x16.obj (.text:CFAL96x64x16ColorTranslate)
                  000015ba    00000002     --HOLE-- [fill = 0]
                  000015bc    00000014     rtsv7M4_T_le_v4SPD16_eabi.lib : _lock.obj (.text)
                  000015d0    00000012     grlib.lib : string.obj (.text:GrStringDraw)
                  000015e2    00000012     rtsv7M4_T_le_v4SPD16_eabi.lib : copy_zero_init.obj (.text:decompress:ZI)
                  000015f4    0000000e                                   : copy_decompress_none.obj (.text:decompress:none)
                  00001602    00000008     grlib.lib : charmap.obj (.text:GrMapISO8859_1_Unicode)
                  0000160a    00000006               : string.obj (.text:GrContextFontSet)
                  00001610    00000006     startup_ccs.obj (.text:ResetISR)
                  00001616    00000006     driverlib.lib : uart.obj (.text:UARTClockSourceSet)
                  0000161c    00000006     rtsv7M4_T_le_v4SPD16_eabi.lib : copy_decompress_rle.obj (.text:decompress:rle24)

.const     0    00001624    00000690     
                  00001624    0000055f     grlib.lib : fontcm12.obj (.const:.string:g_pui8Cm12Data)
                  00001b83    00000001     --HOLE-- [fill = 0]
                  00001b84    000000c8               : fontcm12.obj (.const:g_sFontCm12)
                  00001c4c    00000028     cfal96x64x16.obj (.const:g_sCFAL96x64x16)
                  00001c74    0000001c     uartstdio.obj (.const)
                  00001c90    00000012     uartstdio.obj (.const:.string)
                  00001ca2    00000002     --HOLE-- [fill = 0]
                  00001ca4    00000010     grlib.lib : context.obj (.const)

.cinit     0    00001cb8    00000048     
                  00001cb8    00000023     (.cinit..data.load) [load image, compression = rle]
                  00001cdb    00000001     --HOLE-- [fill = 0]
                  00001cdc    0000000c     (__TI_handler_table)
                  00001ce8    00000008     (.cinit..bss.load) [load image, compression = zero_init]
                  00001cf0    00000010     (__TI_cinit_table)

.stack     0    20000000    00000200     UNINITIALIZED
                  20000000    00000200     --HOLE--

.data      0    20000200    00000030     
                  20000200    00000013     cfal96x64x16.obj (.data)
                  20000213    00000001     --HOLE--
                  20000214    00000008     rtsv7M4_T_le_v4SPD16_eabi.lib : _lock.obj (.data)
                  2000021c    00000008                                   : exit.obj (.data)
                  20000224    00000005     uartstdio.obj (.data)
                  20000229    00000003     --HOLE--
                  2000022c    00000004     rtsv7M4_T_le_v4SPD16_eabi.lib : stkdepth_vars.obj (.data)

.bss       0    20000230    00000004     UNINITIALIZED
                  20000230    00000004     grlib.lib : context.obj (.bss)


LINKER GENERATED COPY TABLES

__TI_cinit_table @ 00001cf0 records: 2, size/record: 8, table size: 16
	.data: load addr=00001cb8, load size=00000023 bytes, run addr=20000200, run size=00000030 bytes, compression=rle
	.bss: load addr=00001ce8, load size=00000008 bytes, run addr=20000230, run size=00000004 bytes, compression=zero_init


LINKER GENERATED HANDLER TABLE

__TI_handler_table @ 00001cdc records: 3, size/record: 4, table size: 12
	index: 0, handler: __TI_decompress_rle24
	index: 1, handler: __TI_decompress_none
	index: 2, handler: __TI_zero_init


GLOBAL SYMBOLS: SORTED ALPHABETICALLY BY Name 

address    name
--------   ----
000013e1   C$$EXIT
000006c1   CFAL96x64x16Init
00001049   ConfigureUART
0000160b   GrContextFontSet
00000f85   GrContextInit
00000a9d   GrDefaultStringRenderer
000014b7   GrFontBaselineGet
00001553   GrFontCodepageGet
00001531   GrFontGlyphDataGet
0000026d   GrFontGlyphRender
0000150b   GrFontInfoGet
000012cd   GrLineDrawH
00001313   GrLineDrawV
00001603   GrMapISO8859_1_Unicode
00000f1f   GrRectDraw
00000dc3   GrRectFill
000015d1   GrStringDraw
000014e1   GrStringNextCharGet
00000eb5   GrStringWidthGet
00001611   ResetISR
UNDEFED    SHT$$INIT_ARRAY$$Base
UNDEFED    SHT$$INIT_ARRAY$$Limit
00001617   UARTClockSourceSet
00001101   UARTStdioConfig
00000c05   UARTgets
00001571   UARTprintf
000004d5   UARTvprintf
0000123d   UARTwrite
20000200   __STACK_END
00000200   __STACK_SIZE
20000200   __STACK_TOP
00001cf0   __TI_CINIT_Base
00001d00   __TI_CINIT_Limit
00001cdc   __TI_Handler_Table_Base
00001ce8   __TI_Handler_Table_Limit
00000001   __TI_args_main
00000c9d   __TI_auto_init
000015f5   __TI_decompress_none
0000161d   __TI_decompress_rle24
00000000   __TI_static_base__
000015e3   __TI_zero_init
00000b67   __aeabi_memcpy
00000b67   __aeabi_memcpy4
00000b67   __aeabi_memcpy8
0000139d   __aeabi_uidivmod
ffffffff   __binit__
ffffffff   __c_args__
20000000   __stack
0000158d   _args_main
00001285   _c_int00
2000021c   _cleanup_ptr
20000220   _dtors_ptr
20000214   _lock
000015cb   _nop
000015c3   _register_lock
000015bd   _register_unlock
20000218   _unlock
000013e5   abort
ffffffff   binit
00001359   copy_in
000013ed   exit
00000000   g_pfnVectors
00001ca4   g_psDefaultCodePointMapTable
00001c4c   g_sCFAL96x64x16
00001b84   g_sFontCm12
00000821   main
2000022c   main_func_sp
00000b67   memcpy


GLOBAL SYMBOLS: SORTED BY Symbol Address 

address    name
--------   ----
00000000   __TI_static_base__
00000000   g_pfnVectors
00000001   __TI_args_main
00000200   __STACK_SIZE
0000026d   GrFontGlyphRender
000004d5   UARTvprintf
000006c1   CFAL96x64x16Init
00000821   main
00000a9d   GrDefaultStringRenderer
00000b67   __aeabi_memcpy
00000b67   __aeabi_memcpy4
00000b67   __aeabi_memcpy8
00000b67   memcpy
00000c05   UARTgets
00000c9d   __TI_auto_init
00000dc3   GrRectFill
00000eb5   GrStringWidthGet
00000f1f   GrRectDraw
00000f85   GrContextInit
00001049   ConfigureUART
00001101   UARTStdioConfig
0000123d   UARTwrite
00001285   _c_int00
000012cd   GrLineDrawH
00001313   GrLineDrawV
00001359   copy_in
0000139d   __aeabi_uidivmod
000013e1   C$$EXIT
000013e5   abort
000013ed   exit
000014b7   GrFontBaselineGet
000014e1   GrStringNextCharGet
0000150b   GrFontInfoGet
00001531   GrFontGlyphDataGet
00001553   GrFontCodepageGet
00001571   UARTprintf
0000158d   _args_main
000015bd   _register_unlock
000015c3   _register_lock
000015cb   _nop
000015d1   GrStringDraw
000015e3   __TI_zero_init
000015f5   __TI_decompress_none
00001603   GrMapISO8859_1_Unicode
0000160b   GrContextFontSet
00001611   ResetISR
00001617   UARTClockSourceSet
0000161d   __TI_decompress_rle24
00001b84   g_sFontCm12
00001c4c   g_sCFAL96x64x16
00001ca4   g_psDefaultCodePointMapTable
00001cdc   __TI_Handler_Table_Base
00001ce8   __TI_Handler_Table_Limit
00001cf0   __TI_CINIT_Base
00001d00   __TI_CINIT_Limit
20000000   __stack
20000200   __STACK_END
20000200   __STACK_TOP
20000214   _lock
20000218   _unlock
2000021c   _cleanup_ptr
20000220   _dtors_ptr
2000022c   main_func_sp
ffffffff   __binit__
ffffffff   __c_args__
ffffffff   binit
UNDEFED    SHT$$INIT_ARRAY$$Base
UNDEFED    SHT$$INIT_ARRAY$$Limit

[68 symbols]
