******************************************************************************
                  TI ARM Linker PC v5.0.4                      
******************************************************************************
>> Linked Sat Apr 12 23:56:53 2025

OUTPUT FILE NAME:   <HW4_C_ASM.out>
ENTRY POINT SYMBOL: "_c_int00"  address: 00000899


MEMORY CONFIGURATION

         name            origin    length      used     unused   attr    fill
----------------------  --------  ---------  --------  --------  ----  --------
  FLASH                 00000000   00040000  00000a00  0003f600  R  X
  SRAM                  20000000   00008000  00000214  00007dec  RW X


SEGMENT ALLOCATION MAP

run origin  load origin   length   init length attrs members
----------  ----------- ---------- ----------- ----- -------
00000000    00000000    00000a00   00000a00    r-x
  00000000    00000000    00000708   00000708    r-x .intvecs
  00000708    00000708    000002d8   000002d8    r-x .text
  000009e0    000009e0    00000020   00000020    r-- .cinit
20000000    20000000    00000200   00000000    rw-
  20000000    20000000    00000200   00000000    rw- .stack
20000200    20000200    00000014   00000014    rw-
  20000200    20000200    00000014   00000014    rw- .data


SECTION ALLOCATION MAP

 output                                  attributes/
section   page    origin      length       input sections
--------  ----  ----------  ----------   ----------------
.intvecs   0    00000000    00000708     
                  00000000    0000049a     switch.obj (.intvecs)
                  0000049a    00000002     --HOLE-- [fill = 0]
                  0000049c    0000026c     startup_ccs.obj (.intvecs)

.init_array 
*          0    00000000    00000000     UNINITIALIZED

.text      0    00000708    000002d8     
                  00000708    0000009c     rtsv7M4_T_le_v4SPD16_eabi.lib : memcpy_t2.obj (.text)
                  000007a4    00000094                                   : auto_init.obj (.text)
                  00000838    0000005e                                   : copy_decompress_rle.obj (.text)
                  00000896    00000002     startup_ccs.obj (.text:FaultISR)
                  00000898    00000048     rtsv7M4_T_le_v4SPD16_eabi.lib : boot.obj (.text)
                  000008e0    00000044                                   : cpy_tbl.obj (.text)
                  00000924    00000040                                   : exit.obj (.text)
                  00000964    0000002c     hello.obj (.text:main)
                  00000990    00000018     rtsv7M4_T_le_v4SPD16_eabi.lib : args_main.obj (.text)
                  000009a8    00000014                                   : _lock.obj (.text)
                  000009bc    0000000e                                   : copy_decompress_none.obj (.text:decompress:none)
                  000009ca    00000006     startup_ccs.obj (.text:ResetISR)
                  000009d0    00000006     driverlib.lib : sysctl.obj (.text:SysCtlDelay)
                  000009d6    00000006     rtsv7M4_T_le_v4SPD16_eabi.lib : copy_decompress_rle.obj (.text:decompress:rle24)
                  000009dc    00000002     startup_ccs.obj (.text:IntDefaultHandler)
                  000009de    00000002     startup_ccs.obj (.text:NmiSR)

.cinit     0    000009e0    00000020     
                  000009e0    0000000f     (.cinit..data.load) [load image, compression = rle]
                  000009ef    00000001     --HOLE-- [fill = 0]
                  000009f0    00000008     (__TI_handler_table)
                  000009f8    00000008     (__TI_cinit_table)

.stack     0    20000000    00000200     UNINITIALIZED
                  20000000    00000200     --HOLE--

.data      0    20000200    00000014     
                  20000200    00000008     rtsv7M4_T_le_v4SPD16_eabi.lib : _lock.obj (.data)
                  20000208    00000008                                   : exit.obj (.data)
                  20000210    00000004                                   : stkdepth_vars.obj (.data)


LINKER GENERATED COPY TABLES

__TI_cinit_table @ 000009f8 records: 1, size/record: 8, table size: 8
	.data: load addr=000009e0, load size=0000000f bytes, run addr=20000200, run size=00000014 bytes, compression=rle


LINKER GENERATED HANDLER TABLE

__TI_handler_table @ 000009f0 records: 2, size/record: 4, table size: 8
	index: 0, handler: __TI_decompress_rle24
	index: 1, handler: __TI_decompress_none


GLOBAL SYMBOLS: SORTED ALPHABETICALLY BY Name 

address    name
--------   ----
00000925   C$$EXIT
000009cb   ResetISR
UNDEFED    SHT$$INIT_ARRAY$$Base
UNDEFED    SHT$$INIT_ARRAY$$Limit
0000026d   Switch_Init
000003dd   Switch_Input
000009d1   SysCtlDelay
20000200   __STACK_END
00000200   __STACK_SIZE
20000200   __STACK_TOP
000009f8   __TI_CINIT_Base
00000a00   __TI_CINIT_Limit
000009f0   __TI_Handler_Table_Base
000009f8   __TI_Handler_Table_Limit
00000001   __TI_args_main
000007a5   __TI_auto_init
000009bd   __TI_decompress_none
000009d7   __TI_decompress_rle24
00000000   __TI_static_base__
00000709   __aeabi_memcpy
00000709   __aeabi_memcpy4
00000709   __aeabi_memcpy8
ffffffff   __binit__
ffffffff   __c_args__
20000000   __stack
00000991   _args_main
00000899   _c_int00
20000208   _cleanup_ptr
2000020c   _dtors_ptr
20000200   _lock
000009b7   _nop
000009af   _register_lock
000009a9   _register_unlock
20000204   _unlock
00000929   abort
ffffffff   binit
000008e1   copy_in
00000931   exit
0000049c   g_pfnVectors
00000965   main
20000210   main_func_sp
00000709   memcpy
00000417   num_1
0000041b   num_3


GLOBAL SYMBOLS: SORTED BY Symbol Address 

address    name
--------   ----
00000000   __TI_static_base__
00000001   __TI_args_main
00000200   __STACK_SIZE
0000026d   Switch_Init
000003dd   Switch_Input
00000417   num_1
0000041b   num_3
0000049c   g_pfnVectors
00000709   __aeabi_memcpy
00000709   __aeabi_memcpy4
00000709   __aeabi_memcpy8
00000709   memcpy
000007a5   __TI_auto_init
00000899   _c_int00
000008e1   copy_in
00000925   C$$EXIT
00000929   abort
00000931   exit
00000965   main
00000991   _args_main
000009a9   _register_unlock
000009af   _register_lock
000009b7   _nop
000009bd   __TI_decompress_none
000009cb   ResetISR
000009d1   SysCtlDelay
000009d7   __TI_decompress_rle24
000009f0   __TI_Handler_Table_Base
000009f8   __TI_CINIT_Base
000009f8   __TI_Handler_Table_Limit
00000a00   __TI_CINIT_Limit
20000000   __stack
20000200   __STACK_END
20000200   __STACK_TOP
20000200   _lock
20000204   _unlock
20000208   _cleanup_ptr
2000020c   _dtors_ptr
20000210   main_func_sp
ffffffff   __binit__
ffffffff   __c_args__
ffffffff   binit
UNDEFED    SHT$$INIT_ARRAY$$Base
UNDEFED    SHT$$INIT_ARRAY$$Limit

[44 symbols]
