******************************************************************************
                  TI ARM Linker PC v5.0.4                      
******************************************************************************
>> Linked Mon Apr 14 21:17:48 2025

OUTPUT FILE NAME:   <HW4_C_ASM.out>
ENTRY POINT SYMBOL: "_c_int00"  address: 000008b9


MEMORY CONFIGURATION

         name            origin    length      used     unused   attr    fill
----------------------  --------  ---------  --------  --------  ----  --------
  FLASH                 00000000   00040000  00000a20  0003f5e0  R  X
  SRAM                  20000000   00008000  00000214  00007dec  RW X


SEGMENT ALLOCATION MAP

run origin  load origin   length   init length attrs members
----------  ----------- ---------- ----------- ----- -------
00000000    00000000    00000a20   00000a20    r-x
  00000000    00000000    00000728   00000728    r-x .intvecs
  00000728    00000728    000002d8   000002d8    r-x .text
  00000a00    00000a00    00000020   00000020    r-- .cinit
20000000    20000000    00000200   00000000    rw-
  20000000    20000000    00000200   00000000    rw- .stack
20000200    20000200    00000014   00000014    rw-
  20000200    20000200    00000014   00000014    rw- .data


SECTION ALLOCATION MAP

 output                                  attributes/
section   page    origin      length       input sections
--------  ----  ----------  ----------   ----------------
.intvecs   0    00000000    00000728     
                  00000000    000004ba     switch.obj (.intvecs)
                  000004ba    00000002     --HOLE-- [fill = 0]
                  000004bc    0000026c     startup_ccs.obj (.intvecs)

.init_array 
*          0    00000000    00000000     UNINITIALIZED

.text      0    00000728    000002d8     
                  00000728    0000009c     rtsv7M4_T_le_v4SPD16_eabi.lib : memcpy_t2.obj (.text)
                  000007c4    00000094                                   : auto_init.obj (.text)
                  00000858    0000005e                                   : copy_decompress_rle.obj (.text)
                  000008b6    00000002     startup_ccs.obj (.text:FaultISR)
                  000008b8    00000048     rtsv7M4_T_le_v4SPD16_eabi.lib : boot.obj (.text)
                  00000900    00000044                                   : cpy_tbl.obj (.text)
                  00000944    00000040                                   : exit.obj (.text)
                  00000984    0000002c     hello.obj (.text:main)
                  000009b0    00000018     rtsv7M4_T_le_v4SPD16_eabi.lib : args_main.obj (.text)
                  000009c8    00000014                                   : _lock.obj (.text)
                  000009dc    0000000e                                   : copy_decompress_none.obj (.text:decompress:none)
                  000009ea    00000006     startup_ccs.obj (.text:ResetISR)
                  000009f0    00000006     driverlib.lib : sysctl.obj (.text:SysCtlDelay)
                  000009f6    00000006     rtsv7M4_T_le_v4SPD16_eabi.lib : copy_decompress_rle.obj (.text:decompress:rle24)
                  000009fc    00000002     startup_ccs.obj (.text:IntDefaultHandler)
                  000009fe    00000002     startup_ccs.obj (.text:NmiSR)

.cinit     0    00000a00    00000020     
                  00000a00    0000000f     (.cinit..data.load) [load image, compression = rle]
                  00000a0f    00000001     --HOLE-- [fill = 0]
                  00000a10    00000008     (__TI_handler_table)
                  00000a18    00000008     (__TI_cinit_table)

.stack     0    20000000    00000200     UNINITIALIZED
                  20000000    00000200     --HOLE--

.data      0    20000200    00000014     
                  20000200    00000008     rtsv7M4_T_le_v4SPD16_eabi.lib : _lock.obj (.data)
                  20000208    00000008                                   : exit.obj (.data)
                  20000210    00000004                                   : stkdepth_vars.obj (.data)


LINKER GENERATED COPY TABLES

__TI_cinit_table @ 00000a18 records: 1, size/record: 8, table size: 8
	.data: load addr=00000a00, load size=0000000f bytes, run addr=20000200, run size=00000014 bytes, compression=rle


LINKER GENERATED HANDLER TABLE

__TI_handler_table @ 00000a10 records: 2, size/record: 4, table size: 8
	index: 0, handler: __TI_decompress_rle24
	index: 1, handler: __TI_decompress_none


GLOBAL SYMBOLS: SORTED ALPHABETICALLY BY Name 

address    name
--------   ----
00000945   C$$EXIT
000009eb   ResetISR
UNDEFED    SHT$$INIT_ARRAY$$Base
UNDEFED    SHT$$INIT_ARRAY$$Limit
0000026d   Switch_Init
000003f9   Switch_Input
000009f1   SysCtlDelay
20000200   __STACK_END
00000200   __STACK_SIZE
20000200   __STACK_TOP
00000a18   __TI_CINIT_Base
00000a20   __TI_CINIT_Limit
00000a10   __TI_Handler_Table_Base
00000a18   __TI_Handler_Table_Limit
00000001   __TI_args_main
000007c5   __TI_auto_init
000009dd   __TI_decompress_none
000009f7   __TI_decompress_rle24
00000000   __TI_static_base__
00000729   __aeabi_memcpy
00000729   __aeabi_memcpy4
00000729   __aeabi_memcpy8
ffffffff   __binit__
ffffffff   __c_args__
20000000   __stack
000009b1   _args_main
000008b9   _c_int00
20000208   _cleanup_ptr
2000020c   _dtors_ptr
20000200   _lock
000009d7   _nop
000009cf   _register_lock
000009c9   _register_unlock
20000204   _unlock
00000949   abort
ffffffff   binit
00000901   copy_in
00000951   exit
000004bc   g_pfnVectors
00000985   main
20000210   main_func_sp
00000729   memcpy
00000433   num_1
00000437   num_3


GLOBAL SYMBOLS: SORTED BY Symbol Address 

address    name
--------   ----
00000000   __TI_static_base__
00000001   __TI_args_main
00000200   __STACK_SIZE
0000026d   Switch_Init
000003f9   Switch_Input
00000433   num_1
00000437   num_3
000004bc   g_pfnVectors
00000729   __aeabi_memcpy
00000729   __aeabi_memcpy4
00000729   __aeabi_memcpy8
00000729   memcpy
000007c5   __TI_auto_init
000008b9   _c_int00
00000901   copy_in
00000945   C$$EXIT
00000949   abort
00000951   exit
00000985   main
000009b1   _args_main
000009c9   _register_unlock
000009cf   _register_lock
000009d7   _nop
000009dd   __TI_decompress_none
000009eb   ResetISR
000009f1   SysCtlDelay
000009f7   __TI_decompress_rle24
00000a10   __TI_Handler_Table_Base
00000a18   __TI_CINIT_Base
00000a18   __TI_Handler_Table_Limit
00000a20   __TI_CINIT_Limit
20000000   __stack
20000200   __STACK_END
20000200   __STACK_TOP
20000200   _lock
20000204   _unlock
20000208   _cleanup_ptr
2000020c   _dtors_ptr
20000210   main_func_sp
ffffffff   __binit__
ffffffff   __c_args__
ffffffff   binit
UNDEFED    SHT$$INIT_ARRAY$$Base
UNDEFED    SHT$$INIT_ARRAY$$Limit

[44 symbols]
