******************************************************************************
                  TI ARM Linker PC v5.0.4                      
******************************************************************************
>> Linked Mon Apr 05 20:59:53 2021

OUTPUT FILE NAME:   <ARM_HW1.out>
ENTRY POINT SYMBOL: "_c_int00"  address: 00000731


MEMORY CONFIGURATION

         name            origin    length      used     unused   attr    fill
----------------------  --------  ---------  --------  --------  ----  --------
  FLASH                 00000000   00040000  00000898  0003f768  R  X
  SRAM                  20000000   00008000  00000214  00007dec  RW X


SEGMENT ALLOCATION MAP

run origin  load origin   length   init length attrs members
----------  ----------- ---------- ----------- ----- -------
00000000    00000000    00000898   00000898    r-x
  00000000    00000000    000005a0   000005a0    r-x .intvecs
  000005a0    000005a0    000002d8   000002d8    r-x .text
  00000878    00000878    00000020   00000020    r-- .cinit
20000000    20000000    00000200   00000000    rw-
  20000000    20000000    00000200   00000000    rw- .stack
20000200    20000200    00000014   00000014    rw-
  20000200    20000200    00000014   00000014    rw- .data


SECTION ALLOCATION MAP

 output                                  attributes/
section   page    origin      length       input sections
--------  ----  ----------  ----------   ----------------
.intvecs   0    00000000    000005a0     
                  00000000    00000332     switch.obj (.intvecs)
                  00000332    00000002     --HOLE-- [fill = 0]
                  00000334    0000026c     startup_ccs.obj (.intvecs)

.init_array 
*          0    00000000    00000000     UNINITIALIZED

.text      0    000005a0    000002d8     
                  000005a0    0000009c     rtsv7M4_T_le_v4SPD16_eabi.lib : memcpy_t2.obj (.text)
                  0000063c    00000094                                   : auto_init.obj (.text)
                  000006d0    0000005e                                   : copy_decompress_rle.obj (.text)
                  0000072e    00000002     startup_ccs.obj (.text:FaultISR)
                  00000730    00000048     rtsv7M4_T_le_v4SPD16_eabi.lib : boot.obj (.text)
                  00000778    00000044                                   : cpy_tbl.obj (.text)
                  000007bc    00000040                                   : exit.obj (.text)
                  000007fc    0000002c     hello.obj (.text:main)
                  00000828    00000018     rtsv7M4_T_le_v4SPD16_eabi.lib : args_main.obj (.text)
                  00000840    00000014                                   : _lock.obj (.text)
                  00000854    0000000e                                   : copy_decompress_none.obj (.text:decompress:none)
                  00000862    00000006     startup_ccs.obj (.text:ResetISR)
                  00000868    00000006     driverlib.lib : sysctl.obj (.text:SysCtlDelay)
                  0000086e    00000006     rtsv7M4_T_le_v4SPD16_eabi.lib : copy_decompress_rle.obj (.text:decompress:rle24)
                  00000874    00000002     startup_ccs.obj (.text:IntDefaultHandler)
                  00000876    00000002     startup_ccs.obj (.text:NmiSR)

.cinit     0    00000878    00000020     
                  00000878    0000000f     (.cinit..data.load) [load image, compression = rle]
                  00000887    00000001     --HOLE-- [fill = 0]
                  00000888    00000008     (__TI_handler_table)
                  00000890    00000008     (__TI_cinit_table)

.stack     0    20000000    00000200     UNINITIALIZED
                  20000000    00000200     --HOLE--

.data      0    20000200    00000014     
                  20000200    00000008     rtsv7M4_T_le_v4SPD16_eabi.lib : _lock.obj (.data)
                  20000208    00000008                                   : exit.obj (.data)
                  20000210    00000004                                   : stkdepth_vars.obj (.data)


LINKER GENERATED COPY TABLES

__TI_cinit_table @ 00000890 records: 1, size/record: 8, table size: 8
	.data: load addr=00000878, load size=0000000f bytes, run addr=20000200, run size=00000014 bytes, compression=rle


LINKER GENERATED HANDLER TABLE

__TI_handler_table @ 00000888 records: 2, size/record: 4, table size: 8
	index: 0, handler: __TI_decompress_rle24
	index: 1, handler: __TI_decompress_none


GLOBAL SYMBOLS: SORTED ALPHABETICALLY BY Name 

address    name
--------   ----
000007bd   C$$EXIT
00000863   ResetISR
UNDEFED    SHT$$INIT_ARRAY$$Base
UNDEFED    SHT$$INIT_ARRAY$$Limit
0000026d   Switch_Init
000002eb   Switch_Input
00000869   SysCtlDelay
20000200   __STACK_END
00000200   __STACK_SIZE
20000200   __STACK_TOP
00000890   __TI_CINIT_Base
00000898   __TI_CINIT_Limit
00000888   __TI_Handler_Table_Base
00000890   __TI_Handler_Table_Limit
00000001   __TI_args_main
0000063d   __TI_auto_init
00000855   __TI_decompress_none
0000086f   __TI_decompress_rle24
00000000   __TI_static_base__
000005a1   __aeabi_memcpy
000005a1   __aeabi_memcpy4
000005a1   __aeabi_memcpy8
ffffffff   __binit__
ffffffff   __c_args__
20000000   __stack
00000829   _args_main
00000731   _c_int00
20000208   _cleanup_ptr
2000020c   _dtors_ptr
20000200   _lock
0000084f   _nop
00000847   _register_lock
00000841   _register_unlock
20000204   _unlock
000007c1   abort
ffffffff   binit
00000779   copy_in
000007c9   exit
00000334   g_pfnVectors
000007fd   main
20000210   main_func_sp
000005a1   memcpy
00000325   num_1
00000329   num_3


GLOBAL SYMBOLS: SORTED BY Symbol Address 

address    name
--------   ----
00000000   __TI_static_base__
00000001   __TI_args_main
00000200   __STACK_SIZE
0000026d   Switch_Init
000002eb   Switch_Input
00000325   num_1
00000329   num_3
00000334   g_pfnVectors
000005a1   __aeabi_memcpy
000005a1   __aeabi_memcpy4
000005a1   __aeabi_memcpy8
000005a1   memcpy
0000063d   __TI_auto_init
00000731   _c_int00
00000779   copy_in
000007bd   C$$EXIT
000007c1   abort
000007c9   exit
000007fd   main
00000829   _args_main
00000841   _register_unlock
00000847   _register_lock
0000084f   _nop
00000855   __TI_decompress_none
00000863   ResetISR
00000869   SysCtlDelay
0000086f   __TI_decompress_rle24
00000888   __TI_Handler_Table_Base
00000890   __TI_CINIT_Base
00000890   __TI_Handler_Table_Limit
00000898   __TI_CINIT_Limit
20000000   __stack
20000200   __STACK_END
20000200   __STACK_TOP
20000200   _lock
20000204   _unlock
20000208   _cleanup_ptr
2000020c   _dtors_ptr
20000210   main_func_sp
ffffffff   __binit__
ffffffff   __c_args__
ffffffff   binit
UNDEFED    SHT$$INIT_ARRAY$$Base
UNDEFED    SHT$$INIT_ARRAY$$Limit

[44 symbols]
