******************************************************************************
                  TI ARM Linker PC v5.0.4                      
******************************************************************************
>> Linked Mon Apr 14 21:41:34 2025

OUTPUT FILE NAME:   <HW4_C_ASM.out>
ENTRY POINT SYMBOL: "_c_int00"  address: 000008a1


MEMORY CONFIGURATION

         name            origin    length      used     unused   attr    fill
----------------------  --------  ---------  --------  --------  ----  --------
  FLASH                 00000000   00040000  00000a08  0003f5f8  R  X
  SRAM                  20000000   00008000  00000214  00007dec  RW X


SEGMENT ALLOCATION MAP

run origin  load origin   length   init length attrs members
----------  ----------- ---------- ----------- ----- -------
00000000    00000000    00000a08   00000a08    r-x
  00000000    00000000    00000710   00000710    r-x .intvecs
  00000710    00000710    000002d8   000002d8    r-x .text
  000009e8    000009e8    00000020   00000020    r-- .cinit
20000000    20000000    00000200   00000000    rw-
  20000000    20000000    00000200   00000000    rw- .stack
20000200    20000200    00000014   00000014    rw-
  20000200    20000200    00000014   00000014    rw- .data


SECTION ALLOCATION MAP

 output                                  attributes/
section   page    origin      length       input sections
--------  ----  ----------  ----------   ----------------
.intvecs   0    00000000    00000710     
                  00000000    000004a2     switch.obj (.intvecs)
                  000004a2    00000002     --HOLE-- [fill = 0]
                  000004a4    0000026c     startup_ccs.obj (.intvecs)

.init_array 
*          0    00000000    00000000     UNINITIALIZED

.text      0    00000710    000002d8     
                  00000710    0000009c     rtsv7M4_T_le_v4SPD16_eabi.lib : memcpy_t2.obj (.text)
                  000007ac    00000094                                   : auto_init.obj (.text)
                  00000840    0000005e                                   : copy_decompress_rle.obj (.text)
                  0000089e    00000002     startup_ccs.obj (.text:FaultISR)
                  000008a0    00000048     rtsv7M4_T_le_v4SPD16_eabi.lib : boot.obj (.text)
                  000008e8    00000044                                   : cpy_tbl.obj (.text)
                  0000092c    00000040                                   : exit.obj (.text)
                  0000096c    0000002c     hello.obj (.text:main)
                  00000998    00000018     rtsv7M4_T_le_v4SPD16_eabi.lib : args_main.obj (.text)
                  000009b0    00000014                                   : _lock.obj (.text)
                  000009c4    0000000e                                   : copy_decompress_none.obj (.text:decompress:none)
                  000009d2    00000006     startup_ccs.obj (.text:ResetISR)
                  000009d8    00000006     driverlib.lib : sysctl.obj (.text:SysCtlDelay)
                  000009de    00000006     rtsv7M4_T_le_v4SPD16_eabi.lib : copy_decompress_rle.obj (.text:decompress:rle24)
                  000009e4    00000002     startup_ccs.obj (.text:IntDefaultHandler)
                  000009e6    00000002     startup_ccs.obj (.text:NmiSR)

.cinit     0    000009e8    00000020     
                  000009e8    0000000f     (.cinit..data.load) [load image, compression = rle]
                  000009f7    00000001     --HOLE-- [fill = 0]
                  000009f8    00000008     (__TI_handler_table)
                  00000a00    00000008     (__TI_cinit_table)

.stack     0    20000000    00000200     UNINITIALIZED
                  20000000    00000200     --HOLE--

.data      0    20000200    00000014     
                  20000200    00000008     rtsv7M4_T_le_v4SPD16_eabi.lib : _lock.obj (.data)
                  20000208    00000008                                   : exit.obj (.data)
                  20000210    00000004                                   : stkdepth_vars.obj (.data)


LINKER GENERATED COPY TABLES

__TI_cinit_table @ 00000a00 records: 1, size/record: 8, table size: 8
	.data: load addr=000009e8, load size=0000000f bytes, run addr=20000200, run size=00000014 bytes, compression=rle


LINKER GENERATED HANDLER TABLE

__TI_handler_table @ 000009f8 records: 2, size/record: 4, table size: 8
	index: 0, handler: __TI_decompress_rle24
	index: 1, handler: __TI_decompress_none


GLOBAL SYMBOLS: SORTED ALPHABETICALLY BY Name 

address    name
--------   ----
0000092d   C$$EXIT
000009d3   ResetISR
UNDEFED    SHT$$INIT_ARRAY$$Base
UNDEFED    SHT$$INIT_ARRAY$$Limit
0000026d   Switch_Init
000003e1   Switch_Input
000009d9   SysCtlDelay
20000200   __STACK_END
00000200   __STACK_SIZE
20000200   __STACK_TOP
00000a00   __TI_CINIT_Base
00000a08   __TI_CINIT_Limit
000009f8   __TI_Handler_Table_Base
00000a00   __TI_Handler_Table_Limit
00000001   __TI_args_main
000007ad   __TI_auto_init
000009c5   __TI_decompress_none
000009df   __TI_decompress_rle24
00000000   __TI_static_base__
00000711   __aeabi_memcpy
00000711   __aeabi_memcpy4
00000711   __aeabi_memcpy8
ffffffff   __binit__
ffffffff   __c_args__
20000000   __stack
00000999   _args_main
000008a1   _c_int00
20000208   _cleanup_ptr
2000020c   _dtors_ptr
20000200   _lock
000009bf   _nop
000009b7   _register_lock
000009b1   _register_unlock
20000204   _unlock
00000931   abort
ffffffff   binit
000008e9   copy_in
00000939   exit
000004a4   g_pfnVectors
0000096d   main
20000210   main_func_sp
00000711   memcpy
0000041b   num_1
0000041f   num_3


GLOBAL SYMBOLS: SORTED BY Symbol Address 

address    name
--------   ----
00000000   __TI_static_base__
00000001   __TI_args_main
00000200   __STACK_SIZE
0000026d   Switch_Init
000003e1   Switch_Input
0000041b   num_1
0000041f   num_3
000004a4   g_pfnVectors
00000711   __aeabi_memcpy
00000711   __aeabi_memcpy4
00000711   __aeabi_memcpy8
00000711   memcpy
000007ad   __TI_auto_init
000008a1   _c_int00
000008e9   copy_in
0000092d   C$$EXIT
00000931   abort
00000939   exit
0000096d   main
00000999   _args_main
000009b1   _register_unlock
000009b7   _register_lock
000009bf   _nop
000009c5   __TI_decompress_none
000009d3   ResetISR
000009d9   SysCtlDelay
000009df   __TI_decompress_rle24
000009f8   __TI_Handler_Table_Base
00000a00   __TI_CINIT_Base
00000a00   __TI_Handler_Table_Limit
00000a08   __TI_CINIT_Limit
20000000   __stack
20000200   __STACK_END
20000200   __STACK_TOP
20000200   _lock
20000204   _unlock
20000208   _cleanup_ptr
2000020c   _dtors_ptr
20000210   main_func_sp
ffffffff   __binit__
ffffffff   __c_args__
ffffffff   binit
UNDEFED    SHT$$INIT_ARRAY$$Base
UNDEFED    SHT$$INIT_ARRAY$$Limit

[44 symbols]
