******************************************************************************
                  TI ARM Linker PC v5.0.4                      
******************************************************************************
>> Linked Wed Apr 16 02:15:45 2025

OUTPUT FILE NAME:   <HW4_C_ASM.out>
ENTRY POINT SYMBOL: "_c_int00"  address: 00000881


MEMORY CONFIGURATION

         name            origin    length      used     unused   attr    fill
----------------------  --------  ---------  --------  --------  ----  --------
  FLASH                 00000000   00040000  000009e8  0003f618  R  X
  SRAM                  20000000   00008000  00000214  00007dec  RW X


SEGMENT ALLOCATION MAP

run origin  load origin   length   init length attrs members
----------  ----------- ---------- ----------- ----- -------
00000000    00000000    000009e8   000009e8    r-x
  00000000    00000000    000006f0   000006f0    r-x .intvecs
  000006f0    000006f0    000002d8   000002d8    r-x .text
  000009c8    000009c8    00000020   00000020    r-- .cinit
20000000    20000000    00000200   00000000    rw-
  20000000    20000000    00000200   00000000    rw- .stack
20000200    20000200    00000014   00000014    rw-
  20000200    20000200    00000014   00000014    rw- .data


SECTION ALLOCATION MAP

 output                                  attributes/
section   page    origin      length       input sections
--------  ----  ----------  ----------   ----------------
.intvecs   0    00000000    000006f0     
                  00000000    00000482     switch.obj (.intvecs)
                  00000482    00000002     --HOLE-- [fill = 0]
                  00000484    0000026c     startup_ccs.obj (.intvecs)

.init_array 
*          0    00000000    00000000     UNINITIALIZED

.text      0    000006f0    000002d8     
                  000006f0    0000009c     rtsv7M4_T_le_v4SPD16_eabi.lib : memcpy_t2.obj (.text)
                  0000078c    00000094                                   : auto_init.obj (.text)
                  00000820    0000005e                                   : copy_decompress_rle.obj (.text)
                  0000087e    00000002     startup_ccs.obj (.text:FaultISR)
                  00000880    00000048     rtsv7M4_T_le_v4SPD16_eabi.lib : boot.obj (.text)
                  000008c8    00000044                                   : cpy_tbl.obj (.text)
                  0000090c    00000040                                   : exit.obj (.text)
                  0000094c    0000002c     hello.obj (.text:main)
                  00000978    00000018     rtsv7M4_T_le_v4SPD16_eabi.lib : args_main.obj (.text)
                  00000990    00000014                                   : _lock.obj (.text)
                  000009a4    0000000e                                   : copy_decompress_none.obj (.text:decompress:none)
                  000009b2    00000006     startup_ccs.obj (.text:ResetISR)
                  000009b8    00000006     driverlib.lib : sysctl.obj (.text:SysCtlDelay)
                  000009be    00000006     rtsv7M4_T_le_v4SPD16_eabi.lib : copy_decompress_rle.obj (.text:decompress:rle24)
                  000009c4    00000002     startup_ccs.obj (.text:IntDefaultHandler)
                  000009c6    00000002     startup_ccs.obj (.text:NmiSR)

.cinit     0    000009c8    00000020     
                  000009c8    0000000f     (.cinit..data.load) [load image, compression = rle]
                  000009d7    00000001     --HOLE-- [fill = 0]
                  000009d8    00000008     (__TI_handler_table)
                  000009e0    00000008     (__TI_cinit_table)

.stack     0    20000000    00000200     UNINITIALIZED
                  20000000    00000200     --HOLE--

.data      0    20000200    00000014     
                  20000200    00000008     rtsv7M4_T_le_v4SPD16_eabi.lib : _lock.obj (.data)
                  20000208    00000008                                   : exit.obj (.data)
                  20000210    00000004                                   : stkdepth_vars.obj (.data)


LINKER GENERATED COPY TABLES

__TI_cinit_table @ 000009e0 records: 1, size/record: 8, table size: 8
	.data: load addr=000009c8, load size=0000000f bytes, run addr=20000200, run size=00000014 bytes, compression=rle


LINKER GENERATED HANDLER TABLE

__TI_handler_table @ 000009d8 records: 2, size/record: 4, table size: 8
	index: 0, handler: __TI_decompress_rle24
	index: 1, handler: __TI_decompress_none


GLOBAL SYMBOLS: SORTED ALPHABETICALLY BY Name 

address    name
--------   ----
0000090d   C$$EXIT
000009b3   ResetISR
UNDEFED    SHT$$INIT_ARRAY$$Base
UNDEFED    SHT$$INIT_ARRAY$$Limit
0000026d   Switch_Init
000003c9   Switch_Input
000009b9   SysCtlDelay
20000200   __STACK_END
00000200   __STACK_SIZE
20000200   __STACK_TOP
000009e0   __TI_CINIT_Base
000009e8   __TI_CINIT_Limit
000009d8   __TI_Handler_Table_Base
000009e0   __TI_Handler_Table_Limit
00000001   __TI_args_main
0000078d   __TI_auto_init
000009a5   __TI_decompress_none
000009bf   __TI_decompress_rle24
00000000   __TI_static_base__
000006f1   __aeabi_memcpy
000006f1   __aeabi_memcpy4
000006f1   __aeabi_memcpy8
ffffffff   __binit__
ffffffff   __c_args__
20000000   __stack
00000979   _args_main
00000881   _c_int00
20000208   _cleanup_ptr
2000020c   _dtors_ptr
20000200   _lock
0000099f   _nop
00000997   _register_lock
00000991   _register_unlock
20000204   _unlock
00000911   abort
ffffffff   binit
000008c9   copy_in
00000919   exit
00000484   g_pfnVectors
0000094d   main
20000210   main_func_sp
000006f1   memcpy
00000403   num_1
00000407   num_3


GLOBAL SYMBOLS: SORTED BY Symbol Address 

address    name
--------   ----
00000000   __TI_static_base__
00000001   __TI_args_main
00000200   __STACK_SIZE
0000026d   Switch_Init
000003c9   Switch_Input
00000403   num_1
00000407   num_3
00000484   g_pfnVectors
000006f1   __aeabi_memcpy
000006f1   __aeabi_memcpy4
000006f1   __aeabi_memcpy8
000006f1   memcpy
0000078d   __TI_auto_init
00000881   _c_int00
000008c9   copy_in
0000090d   C$$EXIT
00000911   abort
00000919   exit
0000094d   main
00000979   _args_main
00000991   _register_unlock
00000997   _register_lock
0000099f   _nop
000009a5   __TI_decompress_none
000009b3   ResetISR
000009b9   SysCtlDelay
000009bf   __TI_decompress_rle24
000009d8   __TI_Handler_Table_Base
000009e0   __TI_CINIT_Base
000009e0   __TI_Handler_Table_Limit
000009e8   __TI_CINIT_Limit
20000000   __stack
20000200   __STACK_END
20000200   __STACK_TOP
20000200   _lock
20000204   _unlock
20000208   _cleanup_ptr
2000020c   _dtors_ptr
20000210   main_func_sp
ffffffff   __binit__
ffffffff   __c_args__
ffffffff   binit
UNDEFED    SHT$$INIT_ARRAY$$Base
UNDEFED    SHT$$INIT_ARRAY$$Limit

[44 symbols]
